Traceback (most recent call last):
  File "/Users/yusuf/Startups/EdgeLog/app/.venv/bin/uvicorn", line 10, in <module>
    sys.exit(main())
             ^^^^^^
  File "/Users/yusuf/Startups/EdgeLog/app/.venv/lib/python3.12/site-packages/click/core.py", line 1524, in __call__
    return self.main(*args, **kwargs)
           ^^^^^^^^^^^^^^^^^^^^^^^^^^
  File "/Users/yusuf/Startups/EdgeLog/app/.venv/lib/python3.12/site-packages/click/core.py", line 1445, in main
    rv = self.invoke(ctx)
         ^^^^^^^^^^^^^^^^
  File "/Users/yusuf/Startups/EdgeLog/app/.venv/lib/python3.12/site-packages/click/core.py", line 1308, in invoke
    return ctx.invoke(self.callback, **ctx.params)
           ^^^^^^^^^^^^^^^^^^^^^^^^^^^^^^^^^^^^^^^
  File "/Users/yusuf/Startups/EdgeLog/app/.venv/lib/python3.12/site-packages/click/core.py", line 877, in invoke
    return callback(*args, **kwargs)
           ^^^^^^^^^^^^^^^^^^^^^^^^^
  File "/Users/yusuf/Startups/EdgeLog/app/.venv/lib/python3.12/site-packages/uvicorn/main.py", line 441, in main
    run(
  File "/Users/yusuf/Startups/EdgeLog/app/.venv/lib/python3.12/site-packages/uvicorn/main.py", line 609, in run
    config.load_app()
  File "/Users/yusuf/Startups/EdgeLog/app/.venv/lib/python3.12/site-packages/uvicorn/config.py", line 415, in load_app
    return import_from_string(self.app)
           ^^^^^^^^^^^^^^^^^^^^^^^^^^^^
  File "/Users/yusuf/Startups/EdgeLog/app/.venv/lib/python3.12/site-packages/uvicorn/importer.py", line 19, in import_from_string
    module = importlib.import_module(module_str)
             ^^^^^^^^^^^^^^^^^^^^^^^^^^^^^^^^^^^
  File "/Users/yusuf/.local/share/uv/python/cpython-3.12.13-macos-aarch64-none/lib/python3.12/importlib/__init__.py", line 90, in import_module
    return _bootstrap._gcd_import(name[level:], package, level)
           ^^^^^^^^^^^^^^^^^^^^^^^^^^^^^^^^^^^^^^^^^^^^^^^^^^^^
  File "<frozen importlib._bootstrap>", line 1387, in _gcd_import
  File "<frozen importlib._bootstrap>", line 1360, in _find_and_load
  File "<frozen importlib._bootstrap>", line 1331, in _find_and_load_unlocked
  File "<frozen importlib._bootstrap>", line 935, in _load_unlocked
  File "<frozen importlib._bootstrap_external>", line 999, in exec_module
  File "<frozen importlib._bootstrap>", line 488, in _call_with_frames_removed
  File "/Users/yusuf/Startups/EdgeLog/app/main.py", line 131, in <module>
    app.add_api_route("/api/share/card.svg", share_card, methods=["GET"])
                                             ^^^^^^^^^^
NameError: name 'share_card' is not defined
